[
  {
    "name": "Test"
  },
  {
    "age": 99
  },
  {
    "uid": "1329692a-9108-47ec-aab1-1a2a4c2663c4"
  },
  {
    "time": "10:55pm"
  },
  {
    "pi": "3.14"
  },
  {
    "sentence": "The quick brown fox jumps over the lazy dog!"
  },
  {
    "ranking": "#1!"
  }
]